{
    "location": null,
    "showState": {
        "mounted": false,
        "shown": false,
        "opacity": 1
    },
    "offsets": {
        "mountPoint": {
            "0": 0,
            "1": 0,
            "2": 0
        },
        "align": {
            "0": 0,
            "1": 0,
            "2": 0
        },
        "origin": {
            "0": 0,
            "1": 0,
            "2": 0
        }
    },
    "vectors": {
        "position": {
            "0": 0,
            "1": 0,
            "2": 0
        },
        "rotation": {
            "0": 0,
            "1": 0,
            "2": 0,
            "3": 1
        },
        "scale": {
            "0": 1,
            "1": 1,
            "2": 1
        }
    },
    "size": {
        "sizeMode": {
            "0": 0,
            "1": 0,
            "2": 0
        },
        "proportional": {
            "0": 1,
            "1": 1,
            "2": 1
        },
        "differential": {
            "0": 0,
            "1": 0,
            "2": 0
        },
        "absolute": {
            "0": 0,
            "1": 0,
            "2": 0
        },
        "render": {
            "0": 0,
            "1": 0,
            "2": 0
        }
    },
    "UIEvents": []
}
