{
    "location": "body",
    "spec": {
        "location": "body",
        "showState": {
            "mounted": true,
            "shown": false,
            "opacity": 1
        },
        "offsets": {
            "mountPoint": {
                "0": 0,
                "1": 0,
                "2": 0
            },
            "align": {
                "0": 0,
                "1": 0,
                "2": 0
            },
            "origin": {
                "0": 0,
                "1": 0,
                "2": 0
            }
        },
        "vectors": {
            "position": {
                "0": 0,
                "1": 0,
                "2": 0
            },
            "rotation": {
                "0": 0,
                "1": 0,
                "2": 0,
                "3": 1
            },
            "scale": {
                "0": 1,
                "1": 1,
                "2": 1
            }
        },
        "size": {
            "sizeMode": {
                "0": 0,
                "1": 0,
                "2": 0
            },
            "proportional": {
                "0": 1,
                "1": 1,
                "2": 1
            },
            "differential": {
                "0": 0,
                "1": 0,
                "2": 0
            },
            "absolute": {
                "0": 0,
                "1": 0,
                "2": 0
            },
            "render": {
                "0": 0,
                "1": 0,
                "2": 0
            }
        },
        "UIEvents": []
    },
    "components": [],
    "children": [
        {
            "location": "body/0",
            "spec": {
                "location": "body/0",
                "showState": {
                    "mounted": true,
                    "shown": false,
                    "opacity": 1
                },
                "offsets": {
                    "mountPoint": {
                        "0": 0,
                        "1": 0,
                        "2": 0
                    },
                    "align": {
                        "0": 0.5,
                        "1": 0.10000000149011612,
                        "2": 0.4000000059604645
                    },
                    "origin": {
                        "0": 0,
                        "1": 0,
                        "2": 0
                    }
                },
                "vectors": {
                    "position": {
                        "0": 10,
                        "1": 20,
                        "2": 30
                    },
                    "rotation": {
                        "0": 0,
                        "1": 0,
                        "2": 0,
                        "3": 1
                    },
                    "scale": {
                        "0": 1,
                        "1": 1,
                        "2": 1
                    }
                },
                "size": {
                    "sizeMode": {
                        "0": 0,
                        "1": 0,
                        "2": 0
                    },
                    "proportional": {
                        "0": 1,
                        "1": 1,
                        "2": 1
                    },
                    "differential": {
                        "0": 0,
                        "1": 0,
                        "2": 0
                    },
                    "absolute": {
                        "0": 100,
                        "1": 200,
                        "2": 300
                    },
                    "render": {
                        "0": 0,
                        "1": 0,
                        "2": 0
                    }
                },
                "UIEvents": []
            },
            "components": [],
            "children": [
                {
                    "location": "body/0/0",
                    "spec": {
                        "location": "body/0/0",
                        "showState": {
                            "mounted": true,
                            "shown": false,
                            "opacity": 1
                        },
                        "offsets": {
                            "mountPoint": {
                                "0": 0,
                                "1": 0,
                                "2": 0
                            },
                            "align": {
                                "0": 0,
                                "1": 0,
                                "2": 0
                            },
                            "origin": {
                                "0": 0.4000000059604645,
                                "1": 0.10000000149011612,
                                "2": 0.8999999761581421
                            }
                        },
                        "vectors": {
                            "position": {
                                "0": 5,
                                "1": 7,
                                "2": 8
                            },
                            "rotation": {
                                "0": 0.6724985241889954,
                                "1": -0.21850800514221191,
                                "2": 0.4156269431114197,
                                "3": 0.5720614194869995
                            },
                            "scale": {
                                "0": 1,
                                "1": 1,
                                "2": 1
                            }
                        },
                        "size": {
                            "sizeMode": {
                                "0": 0,
                                "1": 0,
                                "2": 0
                            },
                            "proportional": {
                                "0": 1,
                                "1": 1,
                                "2": 1
                            },
                            "differential": {
                                "0": 0,
                                "1": 0,
                                "2": 0
                            },
                            "absolute": {
                                "0": 0,
                                "1": 0,
                                "2": 0
                            },
                            "render": {
                                "0": 0,
                                "1": 0,
                                "2": 0
                            }
                        },
                        "UIEvents": []
                    },
                    "components": [],
                    "children": []
                },
                {
                    "location": "body/0/1",
                    "spec": {
                        "location": "body/0/1",
                        "showState": {
                            "mounted": true,
                            "shown": false,
                            "opacity": 1
                        },
                        "offsets": {
                            "mountPoint": {
                                "0": 0,
                                "1": 0,
                                "2": 0
                            },
                            "align": {
                                "0": 0,
                                "1": 0,
                                "2": 0
                            },
                            "origin": {
                                "0": 0,
                                "1": 0,
                                "2": 0
                            }
                        },
                        "vectors": {
                            "position": {
                                "0": 23,
                                "1": 13,
                                "2": 14
                            },
                            "rotation": {
                                "0": 0,
                                "1": 0,
                                "2": 0,
                                "3": 1
                            },
                            "scale": {
                                "0": 0.5,
                                "1": 0.30000001192092896,
                                "2": 0.4000000059604645
                            }
                        },
                        "size": {
                            "sizeMode": {
                                "0": 0,
                                "1": 0,
                                "2": 0
                            },
                            "proportional": {
                                "0": 1,
                                "1": 1,
                                "2": 1
                            },
                            "differential": {
                                "0": 0,
                                "1": 0,
                                "2": 0
                            },
                            "absolute": {
                                "0": 0,
                                "1": 0,
                                "2": 0
                            },
                            "render": {
                                "0": 0,
                                "1": 0,
                                "2": 0
                            }
                        },
                        "UIEvents": []
                    },
                    "components": [],
                    "children": [
                        {
                            "location": "body/0/1/0",
                            "spec": {
                                "location": "body/0/1/0",
                                "showState": {
                                    "mounted": true,
                                    "shown": false,
                                    "opacity": 1
                                },
                                "offsets": {
                                    "mountPoint": {
                                        "0": 0,
                                        "1": 0,
                                        "2": 0
                                    },
                                    "align": {
                                        "0": 0,
                                        "1": 0,
                                        "2": 0
                                    },
                                    "origin": {
                                        "0": 0,
                                        "1": 0,
                                        "2": 0
                                    }
                                },
                                "vectors": {
                                    "position": {
                                        "0": 12,
                                        "1": 48,
                                        "2": 43
                                    },
                                    "rotation": {
                                        "0": 0,
                                        "1": 0,
                                        "2": 0,
                                        "3": 1
                                    },
                                    "scale": {
                                        "0": 1,
                                        "1": 1,
                                        "2": 1
                                    }
                                },
                                "size": {
                                    "sizeMode": {
                                        "0": 0,
                                        "1": 1,
                                        "2": 0
                                    },
                                    "proportional": {
                                        "0": 0.5,
                                        "1": 0.4000000059604645,
                                        "2": 0.10000000149011612
                                    },
                                    "differential": {
                                        "0": 0,
                                        "1": 0,
                                        "2": 0
                                    },
                                    "absolute": {
                                        "0": 0,
                                        "1": 0,
                                        "2": 0
                                    },
                                    "render": {
                                        "0": 0,
                                        "1": 0,
                                        "2": 0
                                    }
                                },
                                "UIEvents": []
                            },
                            "components": [],
                            "children": []
                        },
                        {
                            "location": "body/0/1/1",
                            "spec": {
                                "location": "body/0/1/1",
                                "showState": {
                                    "mounted": true,
                                    "shown": false,
                                    "opacity": 1
                                },
                                "offsets": {
                                    "mountPoint": {
                                        "0": 0,
                                        "1": 0,
                                        "2": 0
                                    },
                                    "align": {
                                        "0": 0,
                                        "1": 0,
                                        "2": 0
                                    },
                                    "origin": {
                                        "0": 0,
                                        "1": 0,
                                        "2": 0
                                    }
                                },
                                "vectors": {
                                    "position": {
                                        "0": 11,
                                        "1": 93,
                                        "2": 21
                                    },
                                    "rotation": {
                                        "0": 0,
                                        "1": 0,
                                        "2": 0,
                                        "3": 1
                                    },
                                    "scale": {
                                        "0": 1,
                                        "1": 1,
                                        "2": 1
                                    }
                                },
                                "size": {
                                    "sizeMode": {
                                        "0": 0,
                                        "1": 0,
                                        "2": 0
                                    },
                                    "proportional": {
                                        "0": 1,
                                        "1": 1,
                                        "2": 1
                                    },
                                    "differential": {
                                        "0": 0,
                                        "1": 0,
                                        "2": 0
                                    },
                                    "absolute": {
                                        "0": 0,
                                        "1": 0,
                                        "2": 0
                                    },
                                    "render": {
                                        "0": 0,
                                        "1": 0,
                                        "2": 0
                                    }
                                },
                                "UIEvents": []
                            },
                            "components": [],
                            "children": []
                        }
                    ]
                }
            ]
        },
        {
            "location": "body/1",
            "spec": {
                "location": "body/1",
                "showState": {
                    "mounted": true,
                    "shown": false,
                    "opacity": 0.4
                },
                "offsets": {
                    "mountPoint": {
                        "0": 0.10000000149011612,
                        "1": 0.4000000059604645,
                        "2": 0.30000001192092896
                    },
                    "align": {
                        "0": 0,
                        "1": 0,
                        "2": 0
                    },
                    "origin": {
                        "0": 0.30000001192092896,
                        "1": 0.8999999761581421,
                        "2": 0.800000011920929
                    }
                },
                "vectors": {
                    "position": {
                        "0": 40,
                        "1": 50,
                        "2": 60
                    },
                    "rotation": {
                        "0": 0,
                        "1": 0,
                        "2": 0,
                        "3": 1
                    },
                    "scale": {
                        "0": 1,
                        "1": 1,
                        "2": 1
                    }
                },
                "size": {
                    "sizeMode": {
                        "0": 0,
                        "1": 0,
                        "2": 0
                    },
                    "proportional": {
                        "0": 1,
                        "1": 1,
                        "2": 1
                    },
                    "differential": {
                        "0": 10,
                        "1": 20,
                        "2": 30
                    },
                    "absolute": {
                        "0": 0,
                        "1": 0,
                        "2": 0
                    },
                    "render": {
                        "0": 0,
                        "1": 0,
                        "2": 0
                    }
                },
                "UIEvents": []
            },
            "components": [],
            "children": []
        }
    ]
}
